MAP
  NAME "Airspace"
  UNITS METERS
  EXTENT -180 -90 180 90 # Geographic
#  EXTENT 7 48 10 50 # Geographic
  IMAGECOLOR 230 230 230

#  SIZE 1024 1024

  SIZE 256 256
  TRANSPARENT ON
  IMAGETYPE "aggpng24"
#  IMAGETYPE "aggjpeg"

#  OUTPUTFORMAT
#    NAME "cairopng"
#    DRIVER CAIRO/PNG
#    MIMETYPE "image/png"
#    IMAGEMODE RGB
#    EXTENSION "png"
#  END

  OUTPUTFORMAT
    NAME "aggpng24"
    DRIVER AGG/PNG
    IMAGEMODE RGBA
#    IMAGEMODE RGB
    MIMETYPE "image/png"
    EXTENSION "png"
#    FORMATOPTION "QUANTIZE_FORCE=on"
#    FORMATOPTION "QUANZIZE_COLORS=16"
  END


#  CONFIG "MS_ERRORFILE" "ms_error.txt"
#  DEBUG 5

  STATUS ON

  PROJECTION
     "init=epsg:3857"
  END

  WEB
    METADATA
      "tile_map_edge_buffer" "10"
      "labelcache_map_edge_buffer" "10"
      "wms_title" "airspace"
#      "wms_srs" "epsg:900913"
      "wms_srs" "epsg:3857"
    END
  END

  #
  # Start of layer definitions
  #

##
## AIRSPACE WAVE (CLASS W)
##
  LAYER
    NAME 'Airspace WAVE'
    TYPE POLYGON 
    CONNECTIONTYPE OGR
    CONNECTION "gml/de.gml"
#    TILEINDEX "airspace.gml"
#    TILEITEM "LOCATION"
    STATUS DEFAULT
  
    PROJECTION
      "init=epsg:4326"
    END

    CLASS
      EXPRESSION ('[CLASS]' eq 'W')
      NAME 'WAVE'
      STYLE
        OUTLINECOLOR 255 255 0
        WIDTH 2
        LINECAP butt
        OPACITY 50
      END
      STYLE
        COLOR 255 255 0
        OPACITY 10
      END
    END
  END

##
## AIRSPACE CLASS A and B
##
  LAYER
    NAME 'Airspace CLASS A and B'
    TYPE POLYGON
    CONNECTIONTYPE OGR
    CONNECTION "gml/de.gml"
#    TILEINDEX "airspace.gml"
#    TILEITEM "LOCATION"
    STATUS DEFAULT

    PROJECTION
      "init=epsg:4326"
    END

    CLASS
      EXPRESSION ('[CLASS]' eq 'A')
      NAME 'A'
      STYLE
        OUTLINECOLOR 211 0 32
        WIDTH 2
        LINECAP butt
      END
      STYLE
        SYMBOL 'filled'
        OUTLINECOLOR 211 0 32
        OPACITY 40
      END
    END

    CLASS
      EXPRESSION ('[CLASS]' eq 'B')
      NAME 'B'
      STYLE
        OUTLINECOLOR 0 12 211
        WIDTH 2
        LINECAP butt
      END
      STYLE
        SYMBOL 'filled'
        OUTLINECOLOR 0 12 211
        OPACITY 40
      END
    END
  END

##
## AIRSPACE CLASS C to D (CTR)
##
  LAYER
    NAME 'Airspace CLASS C to D (CTR)'
    TYPE POLYGON 
    CONNECTIONTYPE OGR
    CONNECTION "gml/de.gml"
#    TILEINDEX "airspace.gml"
#    TILEITEM "LOCATION"
    STATUS DEFAULT
        
    PROJECTION
      "init=epsg:4326"
    END 

    CLASS
      EXPRESSION ('[CLASS]' eq 'C')
      NAME 'C'
      STYLE
        OUTLINECOLOR 0 12 211
        WIDTH 2
        LINECAP butt
      END
      STYLE
        SYMBOL 'filled'
        OUTLINECOLOR 0 12 211
        OPACITY 40
      END
    END

##
## AIRSPACE CLASS D
##
    CLASS
      EXPRESSION ('[CLASS]' eq 'D')
      NAME 'D'
      STYLE
        OUTLINECOLOR 0 12 211
        WIDTH 2
        LINECAP butt
      END
      STYLE
        SYMBOL 'filled'
        OUTLINECOLOR 0 12 211
        OPACITY 40
      END
    END

##
## AIRSPACE CTR (CLASS D)
##
    CLASS
      EXPRESSION ('[CLASS]' eq 'CTR')
      NAME 'CTR'
      STYLE
        OUTLINECOLOR 0 12 211
        WIDTH 2
        SYMBOL 'ctr_dashed'
#        LINECAP butt
#        PATTERN 5 2 END
      END
      STYLE
        COLOR 211 0 32
        OPACITY 20
      END
    END
  END

##
## AIRSPACE CLASS E, F and TMZ
##
  LAYER
    NAME 'Airspace CLASS E, F and TMZ'
    TYPE POLYGON 
    CONNECTIONTYPE OGR
    CONNECTION "gml/de.gml"
#    TILEINDEX "airspace.gml"
#    TILEITEM "LOCATION"
    STATUS DEFAULT

    PROJECTION
      "init=epsg:4326"
    END

    CLASS
      EXPRESSION ('[CLASS]' eq 'E')
      NAME 'CTR'
      STYLE
        OUTLINECOLOR 0 12 211
        WIDTH 2
        LINECAP butt
      END
    END

##
## AIRSPACE CLASS F
##
    CLASS
      EXPRESSION ('[CLASS]' eq 'F')
      NAME 'CTR'
      STYLE
        OUTLINECOLOR 0 12 211
        WIDTH 1
        LINECAP butt
      END
    END
    
##
## AIRSPACE TMZ
##
    CLASS
      EXPRESSION ('[CLASS]' eq 'TMZ')
      NAME 'TMZ'
      STYLE
#        OUTLINECOLOR 100 100 100
#        WIDTH 3
#        LINECAP butt
        SYMBOL 'tmz_dashed'
#        PATTERN 8 4 2 4 END
        OUTLINECOLOR 100 100 100
        SIZE 3
      END
    END
  END

##
## DANGER and RESTRICTED AIRSPACE (CLASS Q and R)
##
  LAYER
    NAME 'Airspace DANGER and RESTRICTED'
    TYPE POLYGON 
    CONNECTIONTYPE OGR
    CONNECTION "gml/de.gml"
#    TILEINDEX "airspace.gml"
#    TILEITEM "LOCATION"
    STATUS DEFAULT

    PROJECTION
      "init=epsg:4326"
    END
 
    CLASS
      EXPRESSION ('[TYPE]' eq 'DANGER')
      NAME "ED-R"
      STYLE
        OUTLINECOLOR 211 0 32
        WIDTH 2
        LINECAP butt
      END
      STYLE
        OUTLINECOLOR 211 0 32
        SYMBOL 'dashed'
      END
    END

##
## RESTRICTED AIRSPACE (CLASS R)
##
    CLASS
      EXPRESSION ('[TYPE]' eq 'RESTRICTED')
      NAME "ED-R"
      STYLE
        OUTLINECOLOR 211 0 32
        WIDTH 2
        LINECAP butt
      END
      STYLE
        OUTLINECOLOR 211 0 32
        SYMBOL 'dashed'
      END
    END
  END


## some symbols

  SYMBOL
    NAME 'filled'
    TYPE vector
    POINTS
      0 5
      0 10
#      5 10
#      5 5
    END
#    FILLED true
  END

  SYMBOL
    NAME 'dashed'
    TYPE vector
    POINTS
      0 5
      5 10
    END
  END

  SYMBOL
    NAME 'tmz_dashed'
    TYPE ellipse
    POINTS
      0 0
    END
    PATTERN 8 4 2 4 END
  END
  
  SYMBOL
    NAME 'ctr_dashed'
    TYPE ellipse
    POINTS
      0 0
    END
    PATTERN 5 2 END
  END


END # MAP
